2018-09-13 15:34:23.490 INFO  info log message
